[
  [
    "1S00E00AA01",
    ],
  [
    "1S00E00AA01",
    "1S00E00AA03",
    ],
  [
    "1S00E00AA01",
    "1S00E00AA03",
    "1S00E00AA04",
    "1S00E00AA00",
    ]
]
