gov.cms.bfd.server.ng.PatientSearchIT.patientSearchByHistoricalMbi[GET]=[
{
  "entry" : [ {
    "resource" : {
      "address" : [ {
        "city" : "Lisbon",
        "line" : [ "14152 ND-27" ],
        "postalCode" : "58054",
        "state" : "ND"
      } ],
      "birthDate" : "1959-03-14",
      "communication" : [ {
        "language" : {
          "coding" : [ {
            "code" : "unknown",
            "system" : "urn:ietf:bcp:47"
          } ]
        }
      } ],
      "extension" : [ {
        "url" : "http://hl7.org/fhir/us/core/StructureDefinition/us-core-sex",
        "valueCode" : "248153007"
      }, {
        "extension" : [ {
          "url" : "ombCategory",
          "valueCoding" : {
            "code" : "2028-9",
            "display" : "Asian",
            "system" : "urn:oid:2.16.840.1.113883.6.238"
          }
        }, {
          "url" : "text",
          "valueCode" : "Asian"
        } ],
        "url" : "http://hl7.org/fhir/us/core/StructureDefinition/us-core-race"
      } ],
      "gender" : "male",
      "id" : "517782585",
      "identifier" : [ {
        "period" : {
          "end" : "2024-12-31T00:00:00+00:00",
          "start" : "2020-04-21T00:00:00+00:00"
        },
        "system" : "http://hl7.org/fhir/sid/us-mbi",
        "type" : {
          "coding" : [ {
            "code" : "MB",
            "system" : "http://terminology.hl7.org/CodeSystem/v2-0203"
          } ]
        },
        "value" : "2B19C89AA36"
      }, {
        "period" : {
          "start" : "2020-04-21T00:00:00+00:00"
        },
        "system" : "http://hl7.org/fhir/sid/us-mbi",
        "type" : {
          "coding" : [ {
            "code" : "MB",
            "system" : "http://terminology.hl7.org/CodeSystem/v2-0203"
          } ]
        },
        "value" : "2B19C89AA35"
      } ],
      "link" : [ {
        "other" : {
          "display" : "121212121",
          "reference" : "Patient/121212121"
        },
        "type" : "replaces"
      }, {
        "other" : {
          "display" : "848484848",
          "reference" : "Patient/848484848"
        },
        "type" : "replaces"
      } ],
      "meta" : {
        "lastUpdated" : "9999-12-31T00:00:00.000+00:00",
        "profile" : [ "http://hl7.org/fhir/us/carin-bb/StructureDefinition/C4BB-Patient|2.1.0", "http://hl7.org/fhir/us/core/StructureDefinition/us-core-patient|6.1.0" ]
      },
      "name" : [ {
        "family" : "Heeler",
        "given" : [ "Alex", "Joey" ]
      } ],
      "resourceType" : "Patient"
    }
  } ],
  "id" : "{uuid}",
  "link" : [ {
    "relation" : "self",
    "url" : "http://localhost/v3/fhir/Patient?identifier=http%3A%2F%2Fhl7.org%2Ffhir%2Fsid%2Fus-mbi%7C2B19C89AA36"
  } ],
  "meta" : {
    "lastUpdated" : "9999-12-31T00:00:00.000+00:00"
  },
  "resourceType" : "Bundle",
  "type" : "searchset"
}
]


gov.cms.bfd.server.ng.PatientSearchIT.patientSearchByHistoricalMbi[GET_WITH_SEARCH]=[
{
  "entry" : [ {
    "resource" : {
      "address" : [ {
        "city" : "Lisbon",
        "line" : [ "14152 ND-27" ],
        "postalCode" : "58054",
        "state" : "ND"
      } ],
      "birthDate" : "1959-03-14",
      "communication" : [ {
        "language" : {
          "coding" : [ {
            "code" : "unknown",
            "system" : "urn:ietf:bcp:47"
          } ]
        }
      } ],
      "extension" : [ {
        "url" : "http://hl7.org/fhir/us/core/StructureDefinition/us-core-sex",
        "valueCode" : "248153007"
      }, {
        "extension" : [ {
          "url" : "ombCategory",
          "valueCoding" : {
            "code" : "2028-9",
            "display" : "Asian",
            "system" : "urn:oid:2.16.840.1.113883.6.238"
          }
        }, {
          "url" : "text",
          "valueCode" : "Asian"
        } ],
        "url" : "http://hl7.org/fhir/us/core/StructureDefinition/us-core-race"
      } ],
      "gender" : "male",
      "id" : "517782585",
      "identifier" : [ {
        "period" : {
          "end" : "2024-12-31T00:00:00+00:00",
          "start" : "2020-04-21T00:00:00+00:00"
        },
        "system" : "http://hl7.org/fhir/sid/us-mbi",
        "type" : {
          "coding" : [ {
            "code" : "MB",
            "system" : "http://terminology.hl7.org/CodeSystem/v2-0203"
          } ]
        },
        "value" : "2B19C89AA36"
      }, {
        "period" : {
          "start" : "2020-04-21T00:00:00+00:00"
        },
        "system" : "http://hl7.org/fhir/sid/us-mbi",
        "type" : {
          "coding" : [ {
            "code" : "MB",
            "system" : "http://terminology.hl7.org/CodeSystem/v2-0203"
          } ]
        },
        "value" : "2B19C89AA35"
      } ],
      "link" : [ {
        "other" : {
          "display" : "121212121",
          "reference" : "Patient/121212121"
        },
        "type" : "replaces"
      }, {
        "other" : {
          "display" : "848484848",
          "reference" : "Patient/848484848"
        },
        "type" : "replaces"
      } ],
      "meta" : {
        "lastUpdated" : "9999-12-31T00:00:00.000+00:00",
        "profile" : [ "http://hl7.org/fhir/us/carin-bb/StructureDefinition/C4BB-Patient|2.1.0", "http://hl7.org/fhir/us/core/StructureDefinition/us-core-patient|6.1.0" ]
      },
      "name" : [ {
        "family" : "Heeler",
        "given" : [ "Alex", "Joey" ]
      } ],
      "resourceType" : "Patient"
    }
  } ],
  "id" : "{uuid}",
  "link" : [ {
    "relation" : "self",
    "url" : "http://localhost/v3/fhir/Patient/_search?identifier=http%3A%2F%2Fhl7.org%2Ffhir%2Fsid%2Fus-mbi%7C2B19C89AA36"
  } ],
  "meta" : {
    "lastUpdated" : "9999-12-31T00:00:00.000+00:00"
  },
  "resourceType" : "Bundle",
  "type" : "searchset"
}
]


gov.cms.bfd.server.ng.PatientSearchIT.patientSearchByHistoricalMbi[POST]=[
{
  "entry" : [ {
    "resource" : {
      "address" : [ {
        "city" : "Lisbon",
        "line" : [ "14152 ND-27" ],
        "postalCode" : "58054",
        "state" : "ND"
      } ],
      "birthDate" : "1959-03-14",
      "communication" : [ {
        "language" : {
          "coding" : [ {
            "code" : "unknown",
            "system" : "urn:ietf:bcp:47"
          } ]
        }
      } ],
      "extension" : [ {
        "url" : "http://hl7.org/fhir/us/core/StructureDefinition/us-core-sex",
        "valueCode" : "248153007"
      }, {
        "extension" : [ {
          "url" : "ombCategory",
          "valueCoding" : {
            "code" : "2028-9",
            "display" : "Asian",
            "system" : "urn:oid:2.16.840.1.113883.6.238"
          }
        }, {
          "url" : "text",
          "valueCode" : "Asian"
        } ],
        "url" : "http://hl7.org/fhir/us/core/StructureDefinition/us-core-race"
      } ],
      "gender" : "male",
      "id" : "517782585",
      "identifier" : [ {
        "period" : {
          "end" : "2024-12-31T00:00:00+00:00",
          "start" : "2020-04-21T00:00:00+00:00"
        },
        "system" : "http://hl7.org/fhir/sid/us-mbi",
        "type" : {
          "coding" : [ {
            "code" : "MB",
            "system" : "http://terminology.hl7.org/CodeSystem/v2-0203"
          } ]
        },
        "value" : "2B19C89AA36"
      }, {
        "period" : {
          "start" : "2020-04-21T00:00:00+00:00"
        },
        "system" : "http://hl7.org/fhir/sid/us-mbi",
        "type" : {
          "coding" : [ {
            "code" : "MB",
            "system" : "http://terminology.hl7.org/CodeSystem/v2-0203"
          } ]
        },
        "value" : "2B19C89AA35"
      } ],
      "link" : [ {
        "other" : {
          "display" : "121212121",
          "reference" : "Patient/121212121"
        },
        "type" : "replaces"
      }, {
        "other" : {
          "display" : "848484848",
          "reference" : "Patient/848484848"
        },
        "type" : "replaces"
      } ],
      "meta" : {
        "lastUpdated" : "9999-12-31T00:00:00.000+00:00",
        "profile" : [ "http://hl7.org/fhir/us/carin-bb/StructureDefinition/C4BB-Patient|2.1.0", "http://hl7.org/fhir/us/core/StructureDefinition/us-core-patient|6.1.0" ]
      },
      "name" : [ {
        "family" : "Heeler",
        "given" : [ "Alex", "Joey" ]
      } ],
      "resourceType" : "Patient"
    }
  } ],
  "id" : "{uuid}",
  "link" : [ {
    "relation" : "self",
    "url" : "http://localhost/v3/fhir/Patient/_search"
  } ],
  "meta" : {
    "lastUpdated" : "9999-12-31T00:00:00.000+00:00"
  },
  "resourceType" : "Bundle",
  "type" : "searchset"
}
]


gov.cms.bfd.server.ng.PatientSearchIT.patientSearchByIdEmpty[GET]=[
{
  "id" : "{uuid}",
  "link" : [ {
    "relation" : "self",
    "url" : "http://localhost/v3/fhir/Patient?_id=999"
  } ],
  "meta" : {
    "lastUpdated" : "9999-12-31T00:00:00.000+00:00"
  },
  "resourceType" : "Bundle",
  "type" : "searchset"
}
]


gov.cms.bfd.server.ng.PatientSearchIT.patientSearchByIdEmpty[GET_WITH_SEARCH]=[
{
  "id" : "{uuid}",
  "link" : [ {
    "relation" : "self",
    "url" : "http://localhost/v3/fhir/Patient/_search?_id=999"
  } ],
  "meta" : {
    "lastUpdated" : "9999-12-31T00:00:00.000+00:00"
  },
  "resourceType" : "Bundle",
  "type" : "searchset"
}
]


gov.cms.bfd.server.ng.PatientSearchIT.patientSearchByIdEmpty[POST]=[
{
  "id" : "{uuid}",
  "link" : [ {
    "relation" : "self",
    "url" : "http://localhost/v3/fhir/Patient/_search"
  } ],
  "meta" : {
    "lastUpdated" : "9999-12-31T00:00:00.000+00:00"
  },
  "resourceType" : "Bundle",
  "type" : "searchset"
}
]


gov.cms.bfd.server.ng.PatientSearchIT.patientSearchByIdMergedBene[GET]=[
{
  "entry" : [ {
    "resource" : {
      "id" : "848484848",
      "link" : [ {
        "other" : {
          "display" : "517782585",
          "reference" : "Patient/517782585"
        },
        "type" : "replaced-by"
      } ],
      "resourceType" : "Patient"
    }
  } ],
  "id" : "{uuid}",
  "link" : [ {
    "relation" : "self",
    "url" : "http://localhost/v3/fhir/Patient?_id=848484848"
  } ],
  "meta" : {
    "lastUpdated" : "9999-12-31T00:00:00.000+00:00"
  },
  "resourceType" : "Bundle",
  "type" : "searchset"
}
]


gov.cms.bfd.server.ng.PatientSearchIT.patientSearchByIdMergedBene[GET_WITH_SEARCH]=[
{
  "entry" : [ {
    "resource" : {
      "id" : "848484848",
      "link" : [ {
        "other" : {
          "display" : "517782585",
          "reference" : "Patient/517782585"
        },
        "type" : "replaced-by"
      } ],
      "resourceType" : "Patient"
    }
  } ],
  "id" : "{uuid}",
  "link" : [ {
    "relation" : "self",
    "url" : "http://localhost/v3/fhir/Patient/_search?_id=848484848"
  } ],
  "meta" : {
    "lastUpdated" : "9999-12-31T00:00:00.000+00:00"
  },
  "resourceType" : "Bundle",
  "type" : "searchset"
}
]


gov.cms.bfd.server.ng.PatientSearchIT.patientSearchByIdMergedBene[POST]=[
{
  "entry" : [ {
    "resource" : {
      "id" : "848484848",
      "link" : [ {
        "other" : {
          "display" : "517782585",
          "reference" : "Patient/517782585"
        },
        "type" : "replaced-by"
      } ],
      "resourceType" : "Patient"
    }
  } ],
  "id" : "{uuid}",
  "link" : [ {
    "relation" : "self",
    "url" : "http://localhost/v3/fhir/Patient/_search"
  } ],
  "meta" : {
    "lastUpdated" : "9999-12-31T00:00:00.000+00:00"
  },
  "resourceType" : "Bundle",
  "type" : "searchset"
}
]


gov.cms.bfd.server.ng.PatientSearchIT.patientSearchByIdUnMergedWithHistoricKillCredit[GET]=[
{
  "entry" : [ {
    "resource" : {
      "address" : [ {
        "city" : "Lisbon",
        "line" : [ "14152 ND-27" ],
        "postalCode" : "58054",
        "state" : "ND"
      } ],
      "birthDate" : "1959-03-14",
      "communication" : [ {
        "language" : {
          "coding" : [ {
            "code" : "unknown",
            "system" : "urn:ietf:bcp:47"
          } ]
        }
      } ],
      "extension" : [ {
        "url" : "http://hl7.org/fhir/us/core/StructureDefinition/us-core-sex",
        "valueCode" : "248153007"
      }, {
        "extension" : [ {
          "url" : "ombCategory",
          "valueCoding" : {
            "code" : "2028-9",
            "display" : "Asian",
            "system" : "urn:oid:2.16.840.1.113883.6.238"
          }
        }, {
          "url" : "text",
          "valueCode" : "Asian"
        } ],
        "url" : "http://hl7.org/fhir/us/core/StructureDefinition/us-core-race"
      } ],
      "gender" : "male",
      "id" : "232323232",
      "meta" : {
        "lastUpdated" : "9999-12-31T00:00:00.000+00:00",
        "profile" : [ "http://hl7.org/fhir/us/carin-bb/StructureDefinition/C4BB-Patient|2.1.0", "http://hl7.org/fhir/us/core/StructureDefinition/us-core-patient|6.1.0" ]
      },
      "name" : [ {
        "family" : "Heeler",
        "given" : [ "Alex", "Joey" ]
      } ],
      "resourceType" : "Patient"
    }
  } ],
  "id" : "{uuid}",
  "link" : [ {
    "relation" : "self",
    "url" : "http://localhost/v3/fhir/Patient?_id=232323232"
  } ],
  "meta" : {
    "lastUpdated" : "9999-12-31T00:00:00.000+00:00"
  },
  "resourceType" : "Bundle",
  "type" : "searchset"
}
]


gov.cms.bfd.server.ng.PatientSearchIT.patientSearchByIdUnMergedWithHistoricKillCredit[GET_WITH_SEARCH]=[
{
  "entry" : [ {
    "resource" : {
      "address" : [ {
        "city" : "Lisbon",
        "line" : [ "14152 ND-27" ],
        "postalCode" : "58054",
        "state" : "ND"
      } ],
      "birthDate" : "1959-03-14",
      "communication" : [ {
        "language" : {
          "coding" : [ {
            "code" : "unknown",
            "system" : "urn:ietf:bcp:47"
          } ]
        }
      } ],
      "extension" : [ {
        "url" : "http://hl7.org/fhir/us/core/StructureDefinition/us-core-sex",
        "valueCode" : "248153007"
      }, {
        "extension" : [ {
          "url" : "ombCategory",
          "valueCoding" : {
            "code" : "2028-9",
            "display" : "Asian",
            "system" : "urn:oid:2.16.840.1.113883.6.238"
          }
        }, {
          "url" : "text",
          "valueCode" : "Asian"
        } ],
        "url" : "http://hl7.org/fhir/us/core/StructureDefinition/us-core-race"
      } ],
      "gender" : "male",
      "id" : "232323232",
      "meta" : {
        "lastUpdated" : "9999-12-31T00:00:00.000+00:00",
        "profile" : [ "http://hl7.org/fhir/us/carin-bb/StructureDefinition/C4BB-Patient|2.1.0", "http://hl7.org/fhir/us/core/StructureDefinition/us-core-patient|6.1.0" ]
      },
      "name" : [ {
        "family" : "Heeler",
        "given" : [ "Alex", "Joey" ]
      } ],
      "resourceType" : "Patient"
    }
  } ],
  "id" : "{uuid}",
  "link" : [ {
    "relation" : "self",
    "url" : "http://localhost/v3/fhir/Patient/_search?_id=232323232"
  } ],
  "meta" : {
    "lastUpdated" : "9999-12-31T00:00:00.000+00:00"
  },
  "resourceType" : "Bundle",
  "type" : "searchset"
}
]


gov.cms.bfd.server.ng.PatientSearchIT.patientSearchByIdUnMergedWithHistoricKillCredit[POST]=[
{
  "entry" : [ {
    "resource" : {
      "address" : [ {
        "city" : "Lisbon",
        "line" : [ "14152 ND-27" ],
        "postalCode" : "58054",
        "state" : "ND"
      } ],
      "birthDate" : "1959-03-14",
      "communication" : [ {
        "language" : {
          "coding" : [ {
            "code" : "unknown",
            "system" : "urn:ietf:bcp:47"
          } ]
        }
      } ],
      "extension" : [ {
        "url" : "http://hl7.org/fhir/us/core/StructureDefinition/us-core-sex",
        "valueCode" : "248153007"
      }, {
        "extension" : [ {
          "url" : "ombCategory",
          "valueCoding" : {
            "code" : "2028-9",
            "display" : "Asian",
            "system" : "urn:oid:2.16.840.1.113883.6.238"
          }
        }, {
          "url" : "text",
          "valueCode" : "Asian"
        } ],
        "url" : "http://hl7.org/fhir/us/core/StructureDefinition/us-core-race"
      } ],
      "gender" : "male",
      "id" : "232323232",
      "meta" : {
        "lastUpdated" : "9999-12-31T00:00:00.000+00:00",
        "profile" : [ "http://hl7.org/fhir/us/carin-bb/StructureDefinition/C4BB-Patient|2.1.0", "http://hl7.org/fhir/us/core/StructureDefinition/us-core-patient|6.1.0" ]
      },
      "name" : [ {
        "family" : "Heeler",
        "given" : [ "Alex", "Joey" ]
      } ],
      "resourceType" : "Patient"
    }
  } ],
  "id" : "{uuid}",
  "link" : [ {
    "relation" : "self",
    "url" : "http://localhost/v3/fhir/Patient/_search"
  } ],
  "meta" : {
    "lastUpdated" : "9999-12-31T00:00:00.000+00:00"
  },
  "resourceType" : "Bundle",
  "type" : "searchset"
}
]


gov.cms.bfd.server.ng.PatientSearchIT.patientSearchById[GET]=[
{
  "entry" : [ {
    "resource" : {
      "address" : [ {
        "city" : "Galveston",
        "line" : [ "2904 61st" ],
        "postalCode" : "77551",
        "state" : "TX"
      } ],
      "birthDate" : "1922-04-01",
      "communication" : [ {
        "language" : {
          "coding" : [ {
            "code" : "unknown",
            "system" : "urn:ietf:bcp:47"
          } ]
        }
      } ],
      "extension" : [ {
        "url" : "http://hl7.org/fhir/us/core/StructureDefinition/us-core-sex",
        "valueCode" : "248153007"
      }, {
        "extension" : [ {
          "url" : "ombCategory",
          "valueCoding" : {
            "code" : "1002-5",
            "display" : "American Indian or Alaska Native",
            "system" : "urn:oid:2.16.840.1.113883.6.238"
          }
        }, {
          "url" : "text",
          "valueCode" : "American Indian or Alaska Native"
        } ],
        "url" : "http://hl7.org/fhir/us/core/StructureDefinition/us-core-race"
      } ],
      "gender" : "male",
      "id" : "178083966",
      "meta" : {
        "lastUpdated" : "9999-12-31T00:00:00.000+00:00",
        "profile" : [ "http://hl7.org/fhir/us/carin-bb/StructureDefinition/C4BB-Patient|2.1.0", "http://hl7.org/fhir/us/core/StructureDefinition/us-core-patient|6.1.0" ]
      },
      "name" : [ {
        "family" : "Jones",
        "given" : [ "Abby" ]
      } ],
      "resourceType" : "Patient"
    }
  } ],
  "id" : "{uuid}",
  "link" : [ {
    "relation" : "self",
    "url" : "http://localhost/v3/fhir/Patient?_id=178083966"
  } ],
  "meta" : {
    "lastUpdated" : "9999-12-31T00:00:00.000+00:00"
  },
  "resourceType" : "Bundle",
  "type" : "searchset"
}
]


gov.cms.bfd.server.ng.PatientSearchIT.patientSearchById[GET_WITH_SEARCH]=[
{
  "entry" : [ {
    "resource" : {
      "address" : [ {
        "city" : "Galveston",
        "line" : [ "2904 61st" ],
        "postalCode" : "77551",
        "state" : "TX"
      } ],
      "birthDate" : "1922-04-01",
      "communication" : [ {
        "language" : {
          "coding" : [ {
            "code" : "unknown",
            "system" : "urn:ietf:bcp:47"
          } ]
        }
      } ],
      "extension" : [ {
        "url" : "http://hl7.org/fhir/us/core/StructureDefinition/us-core-sex",
        "valueCode" : "248153007"
      }, {
        "extension" : [ {
          "url" : "ombCategory",
          "valueCoding" : {
            "code" : "1002-5",
            "display" : "American Indian or Alaska Native",
            "system" : "urn:oid:2.16.840.1.113883.6.238"
          }
        }, {
          "url" : "text",
          "valueCode" : "American Indian or Alaska Native"
        } ],
        "url" : "http://hl7.org/fhir/us/core/StructureDefinition/us-core-race"
      } ],
      "gender" : "male",
      "id" : "178083966",
      "meta" : {
        "lastUpdated" : "9999-12-31T00:00:00.000+00:00",
        "profile" : [ "http://hl7.org/fhir/us/carin-bb/StructureDefinition/C4BB-Patient|2.1.0", "http://hl7.org/fhir/us/core/StructureDefinition/us-core-patient|6.1.0" ]
      },
      "name" : [ {
        "family" : "Jones",
        "given" : [ "Abby" ]
      } ],
      "resourceType" : "Patient"
    }
  } ],
  "id" : "{uuid}",
  "link" : [ {
    "relation" : "self",
    "url" : "http://localhost/v3/fhir/Patient/_search?_id=178083966"
  } ],
  "meta" : {
    "lastUpdated" : "9999-12-31T00:00:00.000+00:00"
  },
  "resourceType" : "Bundle",
  "type" : "searchset"
}
]


gov.cms.bfd.server.ng.PatientSearchIT.patientSearchById[POST]=[
{
  "entry" : [ {
    "resource" : {
      "address" : [ {
        "city" : "Galveston",
        "line" : [ "2904 61st" ],
        "postalCode" : "77551",
        "state" : "TX"
      } ],
      "birthDate" : "1922-04-01",
      "communication" : [ {
        "language" : {
          "coding" : [ {
            "code" : "unknown",
            "system" : "urn:ietf:bcp:47"
          } ]
        }
      } ],
      "extension" : [ {
        "url" : "http://hl7.org/fhir/us/core/StructureDefinition/us-core-sex",
        "valueCode" : "248153007"
      }, {
        "extension" : [ {
          "url" : "ombCategory",
          "valueCoding" : {
            "code" : "1002-5",
            "display" : "American Indian or Alaska Native",
            "system" : "urn:oid:2.16.840.1.113883.6.238"
          }
        }, {
          "url" : "text",
          "valueCode" : "American Indian or Alaska Native"
        } ],
        "url" : "http://hl7.org/fhir/us/core/StructureDefinition/us-core-race"
      } ],
      "gender" : "male",
      "id" : "178083966",
      "meta" : {
        "lastUpdated" : "9999-12-31T00:00:00.000+00:00",
        "profile" : [ "http://hl7.org/fhir/us/carin-bb/StructureDefinition/C4BB-Patient|2.1.0", "http://hl7.org/fhir/us/core/StructureDefinition/us-core-patient|6.1.0" ]
      },
      "name" : [ {
        "family" : "Jones",
        "given" : [ "Abby" ]
      } ],
      "resourceType" : "Patient"
    }
  } ],
  "id" : "{uuid}",
  "link" : [ {
    "relation" : "self",
    "url" : "http://localhost/v3/fhir/Patient/_search"
  } ],
  "meta" : {
    "lastUpdated" : "9999-12-31T00:00:00.000+00:00"
  },
  "resourceType" : "Bundle",
  "type" : "searchset"
}
]


gov.cms.bfd.server.ng.PatientSearchIT.patientSearchByIdentifierEmpty[GET]=[
{
  "id" : "{uuid}",
  "link" : [ {
    "relation" : "self",
    "url" : "http://localhost/v3/fhir/Patient?identifier=http%3A%2F%2Fhl7.org%2Ffhir%2Fsid%2Fus-mbi%7C999"
  } ],
  "meta" : {
    "lastUpdated" : "9999-12-31T00:00:00.000+00:00"
  },
  "resourceType" : "Bundle",
  "type" : "searchset"
}
]


gov.cms.bfd.server.ng.PatientSearchIT.patientSearchByIdentifierEmpty[GET_WITH_SEARCH]=[
{
  "id" : "{uuid}",
  "link" : [ {
    "relation" : "self",
    "url" : "http://localhost/v3/fhir/Patient?identifier=http%3A%2F%2Fhl7.org%2Ffhir%2Fsid%2Fus-mbi%7C999"
  } ],
  "meta" : {
    "lastUpdated" : "9999-12-31T00:00:00.000+00:00"
  },
  "resourceType" : "Bundle",
  "type" : "searchset"
}
]


gov.cms.bfd.server.ng.PatientSearchIT.patientSearchByIdentifierEmpty[POST]=[
{
  "id" : "{uuid}",
  "link" : [ {
    "relation" : "self",
    "url" : "http://localhost/v3/fhir/Patient?identifier=http%3A%2F%2Fhl7.org%2Ffhir%2Fsid%2Fus-mbi%7C999"
  } ],
  "meta" : {
    "lastUpdated" : "9999-12-31T00:00:00.000+00:00"
  },
  "resourceType" : "Bundle",
  "type" : "searchset"
}
]


gov.cms.bfd.server.ng.PatientSearchIT.patientSearchByIdentifier[GET]=[
{
  "entry" : [ {
    "resource" : {
      "address" : [ {
        "city" : "Lisbon",
        "line" : [ "14152 ND-27" ],
        "postalCode" : "58054",
        "state" : "ND"
      } ],
      "birthDate" : "1959-03-14",
      "communication" : [ {
        "language" : {
          "coding" : [ {
            "code" : "unknown",
            "system" : "urn:ietf:bcp:47"
          } ]
        }
      } ],
      "extension" : [ {
        "url" : "http://hl7.org/fhir/us/core/StructureDefinition/us-core-sex",
        "valueCode" : "248153007"
      }, {
        "extension" : [ {
          "url" : "ombCategory",
          "valueCoding" : {
            "code" : "2028-9",
            "display" : "Asian",
            "system" : "urn:oid:2.16.840.1.113883.6.238"
          }
        }, {
          "url" : "text",
          "valueCode" : "Asian"
        } ],
        "url" : "http://hl7.org/fhir/us/core/StructureDefinition/us-core-race"
      } ],
      "gender" : "male",
      "id" : "517782585",
      "identifier" : [ {
        "period" : {
          "end" : "2024-12-31T00:00:00+00:00",
          "start" : "2020-04-21T00:00:00+00:00"
        },
        "system" : "http://hl7.org/fhir/sid/us-mbi",
        "type" : {
          "coding" : [ {
            "code" : "MB",
            "system" : "http://terminology.hl7.org/CodeSystem/v2-0203"
          } ]
        },
        "value" : "2B19C89AA36"
      }, {
        "period" : {
          "start" : "2020-04-21T00:00:00+00:00"
        },
        "system" : "http://hl7.org/fhir/sid/us-mbi",
        "type" : {
          "coding" : [ {
            "code" : "MB",
            "system" : "http://terminology.hl7.org/CodeSystem/v2-0203"
          } ]
        },
        "value" : "2B19C89AA35"
      } ],
      "link" : [ {
        "other" : {
          "display" : "121212121",
          "reference" : "Patient/121212121"
        },
        "type" : "replaces"
      }, {
        "other" : {
          "display" : "848484848",
          "reference" : "Patient/848484848"
        },
        "type" : "replaces"
      } ],
      "meta" : {
        "lastUpdated" : "9999-12-31T00:00:00.000+00:00",
        "profile" : [ "http://hl7.org/fhir/us/carin-bb/StructureDefinition/C4BB-Patient|2.1.0", "http://hl7.org/fhir/us/core/StructureDefinition/us-core-patient|6.1.0" ]
      },
      "name" : [ {
        "family" : "Heeler",
        "given" : [ "Alex", "Joey" ]
      } ],
      "resourceType" : "Patient"
    }
  } ],
  "id" : "{uuid}",
  "link" : [ {
    "relation" : "self",
    "url" : "http://localhost/v3/fhir/Patient?identifier=http%3A%2F%2Fhl7.org%2Ffhir%2Fsid%2Fus-mbi%7C2B19C89AA35"
  } ],
  "meta" : {
    "lastUpdated" : "9999-12-31T00:00:00.000+00:00"
  },
  "resourceType" : "Bundle",
  "type" : "searchset"
}
]


gov.cms.bfd.server.ng.PatientSearchIT.patientSearchByIdentifier[GET_WITH_SEARCH]=[
{
  "entry" : [ {
    "resource" : {
      "address" : [ {
        "city" : "Lisbon",
        "line" : [ "14152 ND-27" ],
        "postalCode" : "58054",
        "state" : "ND"
      } ],
      "birthDate" : "1959-03-14",
      "communication" : [ {
        "language" : {
          "coding" : [ {
            "code" : "unknown",
            "system" : "urn:ietf:bcp:47"
          } ]
        }
      } ],
      "extension" : [ {
        "url" : "http://hl7.org/fhir/us/core/StructureDefinition/us-core-sex",
        "valueCode" : "248153007"
      }, {
        "extension" : [ {
          "url" : "ombCategory",
          "valueCoding" : {
            "code" : "2028-9",
            "display" : "Asian",
            "system" : "urn:oid:2.16.840.1.113883.6.238"
          }
        }, {
          "url" : "text",
          "valueCode" : "Asian"
        } ],
        "url" : "http://hl7.org/fhir/us/core/StructureDefinition/us-core-race"
      } ],
      "gender" : "male",
      "id" : "517782585",
      "identifier" : [ {
        "period" : {
          "end" : "2024-12-31T00:00:00+00:00",
          "start" : "2020-04-21T00:00:00+00:00"
        },
        "system" : "http://hl7.org/fhir/sid/us-mbi",
        "type" : {
          "coding" : [ {
            "code" : "MB",
            "system" : "http://terminology.hl7.org/CodeSystem/v2-0203"
          } ]
        },
        "value" : "2B19C89AA36"
      }, {
        "period" : {
          "start" : "2020-04-21T00:00:00+00:00"
        },
        "system" : "http://hl7.org/fhir/sid/us-mbi",
        "type" : {
          "coding" : [ {
            "code" : "MB",
            "system" : "http://terminology.hl7.org/CodeSystem/v2-0203"
          } ]
        },
        "value" : "2B19C89AA35"
      } ],
      "link" : [ {
        "other" : {
          "display" : "121212121",
          "reference" : "Patient/121212121"
        },
        "type" : "replaces"
      }, {
        "other" : {
          "display" : "848484848",
          "reference" : "Patient/848484848"
        },
        "type" : "replaces"
      } ],
      "meta" : {
        "lastUpdated" : "9999-12-31T00:00:00.000+00:00",
        "profile" : [ "http://hl7.org/fhir/us/carin-bb/StructureDefinition/C4BB-Patient|2.1.0", "http://hl7.org/fhir/us/core/StructureDefinition/us-core-patient|6.1.0" ]
      },
      "name" : [ {
        "family" : "Heeler",
        "given" : [ "Alex", "Joey" ]
      } ],
      "resourceType" : "Patient"
    }
  } ],
  "id" : "{uuid}",
  "link" : [ {
    "relation" : "self",
    "url" : "http://localhost/v3/fhir/Patient/_search?identifier=http%3A%2F%2Fhl7.org%2Ffhir%2Fsid%2Fus-mbi%7C2B19C89AA35"
  } ],
  "meta" : {
    "lastUpdated" : "9999-12-31T00:00:00.000+00:00"
  },
  "resourceType" : "Bundle",
  "type" : "searchset"
}
]


gov.cms.bfd.server.ng.PatientSearchIT.patientSearchByIdentifier[POST]=[
{
  "entry" : [ {
    "resource" : {
      "address" : [ {
        "city" : "Lisbon",
        "line" : [ "14152 ND-27" ],
        "postalCode" : "58054",
        "state" : "ND"
      } ],
      "birthDate" : "1959-03-14",
      "communication" : [ {
        "language" : {
          "coding" : [ {
            "code" : "unknown",
            "system" : "urn:ietf:bcp:47"
          } ]
        }
      } ],
      "extension" : [ {
        "url" : "http://hl7.org/fhir/us/core/StructureDefinition/us-core-sex",
        "valueCode" : "248153007"
      }, {
        "extension" : [ {
          "url" : "ombCategory",
          "valueCoding" : {
            "code" : "2028-9",
            "display" : "Asian",
            "system" : "urn:oid:2.16.840.1.113883.6.238"
          }
        }, {
          "url" : "text",
          "valueCode" : "Asian"
        } ],
        "url" : "http://hl7.org/fhir/us/core/StructureDefinition/us-core-race"
      } ],
      "gender" : "male",
      "id" : "517782585",
      "identifier" : [ {
        "period" : {
          "end" : "2024-12-31T00:00:00+00:00",
          "start" : "2020-04-21T00:00:00+00:00"
        },
        "system" : "http://hl7.org/fhir/sid/us-mbi",
        "type" : {
          "coding" : [ {
            "code" : "MB",
            "system" : "http://terminology.hl7.org/CodeSystem/v2-0203"
          } ]
        },
        "value" : "2B19C89AA36"
      }, {
        "period" : {
          "start" : "2020-04-21T00:00:00+00:00"
        },
        "system" : "http://hl7.org/fhir/sid/us-mbi",
        "type" : {
          "coding" : [ {
            "code" : "MB",
            "system" : "http://terminology.hl7.org/CodeSystem/v2-0203"
          } ]
        },
        "value" : "2B19C89AA35"
      } ],
      "link" : [ {
        "other" : {
          "display" : "121212121",
          "reference" : "Patient/121212121"
        },
        "type" : "replaces"
      }, {
        "other" : {
          "display" : "848484848",
          "reference" : "Patient/848484848"
        },
        "type" : "replaces"
      } ],
      "meta" : {
        "lastUpdated" : "9999-12-31T00:00:00.000+00:00",
        "profile" : [ "http://hl7.org/fhir/us/carin-bb/StructureDefinition/C4BB-Patient|2.1.0", "http://hl7.org/fhir/us/core/StructureDefinition/us-core-patient|6.1.0" ]
      },
      "name" : [ {
        "family" : "Heeler",
        "given" : [ "Alex", "Joey" ]
      } ],
      "resourceType" : "Patient"
    }
  } ],
  "id" : "{uuid}",
  "link" : [ {
    "relation" : "self",
    "url" : "http://localhost/v3/fhir/Patient/_search"
  } ],
  "meta" : {
    "lastUpdated" : "9999-12-31T00:00:00.000+00:00"
  },
  "resourceType" : "Bundle",
  "type" : "searchset"
}
]